{
  "configs": [
    {
      "name": "base",
      "image_target": "base_image",
      "object_targets": ["init__3f9f641f5763d521"]
    },
    {
      "name": "blocked_driver",
      "image_target": "blocked_driver_image",
      "object_targets": ["init__3f9f641f5763d521"]
    },
    {
      "name": "debug",
      "image_target": "debug_image",
      "object_targets": ["init__3f9f641f5763d521", "debug__2b9e2dc7323c658c"]
    },
    {
      "name": "force_net",
      "image_target": "force_net_image",
      "object_targets": [
        "init__da4397a1c4ecd44a",
        "net_core__b178c9496c6d5e1f",
        "drivers_foo__53f651a828be6ea0"
      ]
    }
  ],
  "object_packages": [
    {
      "package": "",
      "object_targets": [
        "debug__2b9e2dc7323c658c",
        "init__3f9f641f5763d521",
        "init__da4397a1c4ecd44a"
      ]
    },
    {
      "package": "drivers",
      "object_targets": ["drivers_foo__53f651a828be6ea0"]
    },
    {
      "package": "net",
      "object_targets": ["net_core__b178c9496c6d5e1f"]
    }
  ],
  "object_variants": [
    {
      "target": "debug__2b9e2dc7323c658c",
      "object": "debug.o",
      "source": "debug.c",
      "source_includes_complete": true,
      "mode": "y",
      "flags": ["-Wall"],
      "config_fragment": {
        "CONFIG_ARM64_BTI_KERNEL": "n",
        "CONFIG_ARM64_PTR_AUTH_KERNEL": "n",
        "CONFIG_AS_HAS_ARMV8_5": "n",
        "CONFIG_CALL_PADDING": "n",
        "CONFIG_CC_HAS_AUTO_VAR_INIT_ZERO_ENABLER": "n",
        "CONFIG_CC_HAS_K_CONSTRAINT": "n",
        "CONFIG_CC_HAS_MIN_FUNCTION_ALIGNMENT": "n",
        "CONFIG_CC_IS_CLANG": "n",
        "CONFIG_CC_OPTIMIZE_FOR_PERFORMANCE": "n",
        "CONFIG_CC_OPTIMIZE_FOR_SIZE": "n",
        "CONFIG_CPU_BIG_ENDIAN": "n",
        "CONFIG_DEBUG": "y",
        "CONFIG_DEBUG_INFO": "n",
        "CONFIG_DEBUG_INFO_DWARF4": "n",
        "CONFIG_DEBUG_INFO_DWARF5": "n",
        "CONFIG_DEBUG_SECTION_MISMATCH": "n",
        "CONFIG_DYNAMIC_FTRACE_WITH_ARGS": "n",
        "CONFIG_DYNAMIC_FTRACE_WITH_CALL_OPS": "n",
        "CONFIG_EXTRA_CFLAGS": "n",
        "CONFIG_FRAME_POINTER": "n",
        "CONFIG_FTRACE_MCOUNT_USE_CC": "n",
        "CONFIG_FTRACE_MCOUNT_USE_OBJTOOL": "n",
        "CONFIG_FUNCTION_ALIGNMENT": "n",
        "CONFIG_FUNCTION_PADDING_BYTES": "n",
        "CONFIG_FUNCTION_TRACER": "n",
        "CONFIG_HAVE_FENTRY": "n",
        "CONFIG_HAVE_NOP_MCOUNT": "n",
        "CONFIG_HAVE_OBJTOOL_NOP_MCOUNT": "n",
        "CONFIG_INIT_STACK_ALL_PATTERN": "n",
        "CONFIG_INIT_STACK_ALL_ZERO": "n",
        "CONFIG_KASAN_GENERIC": "n",
        "CONFIG_KASAN_SW_TAGS": "n",
        "CONFIG_LD_DEAD_CODE_DATA_ELIMINATION": "n",
        "CONFIG_LTO_CLANG_FULL": "n",
        "CONFIG_LTO_CLANG_THIN": "n",
        "CONFIG_MITIGATION_RETHUNK": "n",
        "CONFIG_MITIGATION_RETPOLINE": "n",
        "CONFIG_MITIGATION_SLS": "n",
        "CONFIG_NET": "n",
        "CONFIG_READABLE_ASM": "n",
        "CONFIG_SHADOW_CALL_STACK": "n",
        "CONFIG_SMP": "n",
        "CONFIG_STACKPROTECTOR": "n",
        "CONFIG_STACKPROTECTOR_STRONG": "n",
        "CONFIG_UNWIND_TABLES": "n",
        "CONFIG_X86_64": "n",
        "CONFIG_X86_KERNEL_IBT": "n",
        "CONFIG_X86_NATIVE_CPU": "n",
        "CONFIG_ZERO_CALL_USED_REGS": "n"
      }
    },
    {
      "target": "drivers_foo__53f651a828be6ea0",
      "package": "drivers",
      "object": "drivers/foo.o",
      "source": "drivers/foo.c",
      "source_includes_complete": true,
      "mode": "y",
      "flags": ["-Wall", "-DNET=y"],
      "config_fragment": {
        "CONFIG_ARM64_BTI_KERNEL": "n",
        "CONFIG_ARM64_PTR_AUTH_KERNEL": "n",
        "CONFIG_AS_HAS_ARMV8_5": "n",
        "CONFIG_CALL_PADDING": "n",
        "CONFIG_CC_HAS_AUTO_VAR_INIT_ZERO_ENABLER": "n",
        "CONFIG_CC_HAS_K_CONSTRAINT": "n",
        "CONFIG_CC_HAS_MIN_FUNCTION_ALIGNMENT": "n",
        "CONFIG_CC_IS_CLANG": "n",
        "CONFIG_CC_OPTIMIZE_FOR_PERFORMANCE": "n",
        "CONFIG_CC_OPTIMIZE_FOR_SIZE": "n",
        "CONFIG_CPU_BIG_ENDIAN": "n",
        "CONFIG_DEBUG_INFO": "n",
        "CONFIG_DEBUG_INFO_DWARF4": "n",
        "CONFIG_DEBUG_INFO_DWARF5": "n",
        "CONFIG_DEBUG_SECTION_MISMATCH": "n",
        "CONFIG_DRIVER": "y",
        "CONFIG_DYNAMIC_FTRACE_WITH_ARGS": "n",
        "CONFIG_DYNAMIC_FTRACE_WITH_CALL_OPS": "n",
        "CONFIG_EXTRA_CFLAGS": "n",
        "CONFIG_FRAME_POINTER": "n",
        "CONFIG_FTRACE_MCOUNT_USE_CC": "n",
        "CONFIG_FTRACE_MCOUNT_USE_OBJTOOL": "n",
        "CONFIG_FUNCTION_ALIGNMENT": "n",
        "CONFIG_FUNCTION_PADDING_BYTES": "n",
        "CONFIG_FUNCTION_TRACER": "n",
        "CONFIG_HAVE_FENTRY": "n",
        "CONFIG_HAVE_NOP_MCOUNT": "n",
        "CONFIG_HAVE_OBJTOOL_NOP_MCOUNT": "n",
        "CONFIG_INIT_STACK_ALL_PATTERN": "n",
        "CONFIG_INIT_STACK_ALL_ZERO": "n",
        "CONFIG_KASAN_GENERIC": "n",
        "CONFIG_KASAN_SW_TAGS": "n",
        "CONFIG_LD_DEAD_CODE_DATA_ELIMINATION": "n",
        "CONFIG_LTO_CLANG_FULL": "n",
        "CONFIG_LTO_CLANG_THIN": "n",
        "CONFIG_MITIGATION_RETHUNK": "n",
        "CONFIG_MITIGATION_RETPOLINE": "n",
        "CONFIG_MITIGATION_SLS": "n",
        "CONFIG_NET": "y",
        "CONFIG_READABLE_ASM": "n",
        "CONFIG_SHADOW_CALL_STACK": "n",
        "CONFIG_SMP": "n",
        "CONFIG_STACKPROTECTOR": "n",
        "CONFIG_STACKPROTECTOR_STRONG": "n",
        "CONFIG_UNWIND_TABLES": "n",
        "CONFIG_X86_64": "n",
        "CONFIG_X86_KERNEL_IBT": "n",
        "CONFIG_X86_NATIVE_CPU": "n",
        "CONFIG_ZERO_CALL_USED_REGS": "n"
      }
    },
    {
      "target": "init__3f9f641f5763d521",
      "object": "init.o",
      "source": "init.c",
      "source_includes_complete": true,
      "mode": "y",
      "flags": ["-Wall"],
      "config_fragment": {
        "CONFIG_ARM64_BTI_KERNEL": "n",
        "CONFIG_ARM64_PTR_AUTH_KERNEL": "n",
        "CONFIG_AS_HAS_ARMV8_5": "n",
        "CONFIG_CALL_PADDING": "n",
        "CONFIG_CC_HAS_AUTO_VAR_INIT_ZERO_ENABLER": "n",
        "CONFIG_CC_HAS_K_CONSTRAINT": "n",
        "CONFIG_CC_HAS_MIN_FUNCTION_ALIGNMENT": "n",
        "CONFIG_CC_IS_CLANG": "n",
        "CONFIG_CC_OPTIMIZE_FOR_PERFORMANCE": "n",
        "CONFIG_CC_OPTIMIZE_FOR_SIZE": "n",
        "CONFIG_CPU_BIG_ENDIAN": "n",
        "CONFIG_DEBUG_INFO": "n",
        "CONFIG_DEBUG_INFO_DWARF4": "n",
        "CONFIG_DEBUG_INFO_DWARF5": "n",
        "CONFIG_DEBUG_SECTION_MISMATCH": "n",
        "CONFIG_DYNAMIC_FTRACE_WITH_ARGS": "n",
        "CONFIG_DYNAMIC_FTRACE_WITH_CALL_OPS": "n",
        "CONFIG_EXTRA_CFLAGS": "n",
        "CONFIG_FRAME_POINTER": "n",
        "CONFIG_FTRACE_MCOUNT_USE_CC": "n",
        "CONFIG_FTRACE_MCOUNT_USE_OBJTOOL": "n",
        "CONFIG_FUNCTION_ALIGNMENT": "n",
        "CONFIG_FUNCTION_PADDING_BYTES": "n",
        "CONFIG_FUNCTION_TRACER": "n",
        "CONFIG_HAVE_FENTRY": "n",
        "CONFIG_HAVE_NOP_MCOUNT": "n",
        "CONFIG_HAVE_OBJTOOL_NOP_MCOUNT": "n",
        "CONFIG_INIT_STACK_ALL_PATTERN": "n",
        "CONFIG_INIT_STACK_ALL_ZERO": "n",
        "CONFIG_KASAN_GENERIC": "n",
        "CONFIG_KASAN_SW_TAGS": "n",
        "CONFIG_LD_DEAD_CODE_DATA_ELIMINATION": "n",
        "CONFIG_LTO_CLANG_FULL": "n",
        "CONFIG_LTO_CLANG_THIN": "n",
        "CONFIG_MITIGATION_RETHUNK": "n",
        "CONFIG_MITIGATION_RETPOLINE": "n",
        "CONFIG_MITIGATION_SLS": "n",
        "CONFIG_NET": "n",
        "CONFIG_READABLE_ASM": "n",
        "CONFIG_SHADOW_CALL_STACK": "n",
        "CONFIG_SMP": "n",
        "CONFIG_STACKPROTECTOR": "n",
        "CONFIG_STACKPROTECTOR_STRONG": "n",
        "CONFIG_UNWIND_TABLES": "n",
        "CONFIG_X86_64": "n",
        "CONFIG_X86_KERNEL_IBT": "n",
        "CONFIG_X86_NATIVE_CPU": "n",
        "CONFIG_ZERO_CALL_USED_REGS": "n"
      }
    },
    {
      "target": "init__da4397a1c4ecd44a",
      "object": "init.o",
      "source": "init.c",
      "source_includes_complete": true,
      "mode": "y",
      "flags": ["-Wall", "-DNET=y"],
      "config_fragment": {
        "CONFIG_ARM64_BTI_KERNEL": "n",
        "CONFIG_ARM64_PTR_AUTH_KERNEL": "n",
        "CONFIG_AS_HAS_ARMV8_5": "n",
        "CONFIG_CALL_PADDING": "n",
        "CONFIG_CC_HAS_AUTO_VAR_INIT_ZERO_ENABLER": "n",
        "CONFIG_CC_HAS_K_CONSTRAINT": "n",
        "CONFIG_CC_HAS_MIN_FUNCTION_ALIGNMENT": "n",
        "CONFIG_CC_IS_CLANG": "n",
        "CONFIG_CC_OPTIMIZE_FOR_PERFORMANCE": "n",
        "CONFIG_CC_OPTIMIZE_FOR_SIZE": "n",
        "CONFIG_CPU_BIG_ENDIAN": "n",
        "CONFIG_DEBUG_INFO": "n",
        "CONFIG_DEBUG_INFO_DWARF4": "n",
        "CONFIG_DEBUG_INFO_DWARF5": "n",
        "CONFIG_DEBUG_SECTION_MISMATCH": "n",
        "CONFIG_DYNAMIC_FTRACE_WITH_ARGS": "n",
        "CONFIG_DYNAMIC_FTRACE_WITH_CALL_OPS": "n",
        "CONFIG_EXTRA_CFLAGS": "n",
        "CONFIG_FRAME_POINTER": "n",
        "CONFIG_FTRACE_MCOUNT_USE_CC": "n",
        "CONFIG_FTRACE_MCOUNT_USE_OBJTOOL": "n",
        "CONFIG_FUNCTION_ALIGNMENT": "n",
        "CONFIG_FUNCTION_PADDING_BYTES": "n",
        "CONFIG_FUNCTION_TRACER": "n",
        "CONFIG_HAVE_FENTRY": "n",
        "CONFIG_HAVE_NOP_MCOUNT": "n",
        "CONFIG_HAVE_OBJTOOL_NOP_MCOUNT": "n",
        "CONFIG_INIT_STACK_ALL_PATTERN": "n",
        "CONFIG_INIT_STACK_ALL_ZERO": "n",
        "CONFIG_KASAN_GENERIC": "n",
        "CONFIG_KASAN_SW_TAGS": "n",
        "CONFIG_LD_DEAD_CODE_DATA_ELIMINATION": "n",
        "CONFIG_LTO_CLANG_FULL": "n",
        "CONFIG_LTO_CLANG_THIN": "n",
        "CONFIG_MITIGATION_RETHUNK": "n",
        "CONFIG_MITIGATION_RETPOLINE": "n",
        "CONFIG_MITIGATION_SLS": "n",
        "CONFIG_NET": "y",
        "CONFIG_READABLE_ASM": "n",
        "CONFIG_SHADOW_CALL_STACK": "n",
        "CONFIG_SMP": "n",
        "CONFIG_STACKPROTECTOR": "n",
        "CONFIG_STACKPROTECTOR_STRONG": "n",
        "CONFIG_UNWIND_TABLES": "n",
        "CONFIG_X86_64": "n",
        "CONFIG_X86_KERNEL_IBT": "n",
        "CONFIG_X86_NATIVE_CPU": "n",
        "CONFIG_ZERO_CALL_USED_REGS": "n"
      }
    },
    {
      "target": "net_core__b178c9496c6d5e1f",
      "package": "net",
      "object": "net/core.o",
      "source": "net/core.c",
      "source_includes_complete": true,
      "mode": "y",
      "flags": ["-Wall", "-DNET=y", "-DNET_CORE"],
      "config_fragment": {
        "CONFIG_ARM64_BTI_KERNEL": "n",
        "CONFIG_ARM64_PTR_AUTH_KERNEL": "n",
        "CONFIG_AS_HAS_ARMV8_5": "n",
        "CONFIG_CALL_PADDING": "n",
        "CONFIG_CC_HAS_AUTO_VAR_INIT_ZERO_ENABLER": "n",
        "CONFIG_CC_HAS_K_CONSTRAINT": "n",
        "CONFIG_CC_HAS_MIN_FUNCTION_ALIGNMENT": "n",
        "CONFIG_CC_IS_CLANG": "n",
        "CONFIG_CC_OPTIMIZE_FOR_PERFORMANCE": "n",
        "CONFIG_CC_OPTIMIZE_FOR_SIZE": "n",
        "CONFIG_CPU_BIG_ENDIAN": "n",
        "CONFIG_DEBUG_INFO": "n",
        "CONFIG_DEBUG_INFO_DWARF4": "n",
        "CONFIG_DEBUG_INFO_DWARF5": "n",
        "CONFIG_DEBUG_SECTION_MISMATCH": "n",
        "CONFIG_DYNAMIC_FTRACE_WITH_ARGS": "n",
        "CONFIG_DYNAMIC_FTRACE_WITH_CALL_OPS": "n",
        "CONFIG_EXTRA_CFLAGS": "n",
        "CONFIG_FRAME_POINTER": "n",
        "CONFIG_FTRACE_MCOUNT_USE_CC": "n",
        "CONFIG_FTRACE_MCOUNT_USE_OBJTOOL": "n",
        "CONFIG_FUNCTION_ALIGNMENT": "n",
        "CONFIG_FUNCTION_PADDING_BYTES": "n",
        "CONFIG_FUNCTION_TRACER": "n",
        "CONFIG_HAVE_FENTRY": "n",
        "CONFIG_HAVE_NOP_MCOUNT": "n",
        "CONFIG_HAVE_OBJTOOL_NOP_MCOUNT": "n",
        "CONFIG_INIT_STACK_ALL_PATTERN": "n",
        "CONFIG_INIT_STACK_ALL_ZERO": "n",
        "CONFIG_KASAN_GENERIC": "n",
        "CONFIG_KASAN_SW_TAGS": "n",
        "CONFIG_LD_DEAD_CODE_DATA_ELIMINATION": "n",
        "CONFIG_LTO_CLANG_FULL": "n",
        "CONFIG_LTO_CLANG_THIN": "n",
        "CONFIG_MITIGATION_RETHUNK": "n",
        "CONFIG_MITIGATION_RETPOLINE": "n",
        "CONFIG_MITIGATION_SLS": "n",
        "CONFIG_NET": "y",
        "CONFIG_READABLE_ASM": "n",
        "CONFIG_SHADOW_CALL_STACK": "n",
        "CONFIG_SMP": "n",
        "CONFIG_STACKPROTECTOR": "n",
        "CONFIG_STACKPROTECTOR_STRONG": "n",
        "CONFIG_UNWIND_TABLES": "n",
        "CONFIG_X86_64": "n",
        "CONFIG_X86_KERNEL_IBT": "n",
        "CONFIG_X86_NATIVE_CPU": "n",
        "CONFIG_ZERO_CALL_USED_REGS": "n"
      }
    }
  ]
}
